module Component =
  struct
    [@@@react.component ]
    let styled = let open Emotion in css [display `block]
  end
