// Jest Snapshot v1, https://goo.gl/fbAQLP

exports[`Component 0 renders 1`] = `"css-cyc7w5"`;

exports[`Component 1 renders 1`] = `"css-g393ep"`;

exports[`Component 2 renders 1`] = `"css-roynbj"`;

exports[`Component 3 renders 1`] = `"css-14y7xed"`;

exports[`Component 4 renders 1`] = `"css-mi7h12"`;

exports[`Component 5 renders 1`] = `"css-bv5c0r"`;

exports[`Component 6 renders 1`] = `"css-1e042ms"`;

exports[`Component 7 renders 1`] = `"css-68zbsl"`;

exports[`Component 8 renders 1`] = `"css-196jqjz"`;

exports[`Component 9 renders 1`] = `"css-1e3sj1t"`;

exports[`Component 10 renders 1`] = `"css-h7gl5m"`;

exports[`Component 11 renders 1`] = `"css-13tmvf7"`;

exports[`Component 12 renders 1`] = `"css-79p6ya"`;

exports[`Component 13 renders 1`] = `"css-fbrjo0"`;

exports[`Component 14 renders 1`] = `"css-roynbj"`;

exports[`Component 15 renders 1`] = `"css-8xl60i"`;

exports[`Component 16 renders 1`] = `"css-1idpeqj"`;

exports[`Component 17 renders 1`] = `"css-wlea3r"`;

exports[`Component 18 renders 1`] = `"css-9n3bbc"`;

exports[`Component 19 renders 1`] = `"css-13d3w74"`;

exports[`Component 20 renders 1`] = `"css-8kui69"`;

exports[`Component 21 renders 1`] = `"css-1y0h3u2"`;

exports[`Component 22 renders 1`] = `"css-aja1e7"`;

exports[`Component 23 renders 1`] = `"css-1dacand"`;

exports[`Component 24 renders 1`] = `"css-1o2slct"`;

exports[`Component 25 renders 1`] = `"css-1drbkg9"`;

exports[`Component 26 renders 1`] = `"css-p1hdku"`;

exports[`Component 27 renders 1`] = `"css-5tigzz"`;

exports[`Component 28 renders 1`] = `"css-1no595r"`;

exports[`Component 29 renders 1`] = `"css-9527m7"`;

exports[`Component 30 renders 1`] = `"css-1w14jv3"`;

exports[`Component 31 renders 1`] = `"css-ayshjd"`;

exports[`Component 32 renders 1`] = `"css-144vlu9"`;

exports[`Component 33 renders 1`] = `"css-xdees7"`;

exports[`Component 34 renders 1`] = `"css-1ofy66z"`;

exports[`Component 35 renders 1`] = `"css-bkj8c"`;

exports[`Component 36 renders 1`] = `"css-bmjq4j"`;

exports[`Component 37 renders 1`] = `"css-10iahqc"`;

exports[`Component 38 renders 1`] = `"css-1vw5a1r"`;

exports[`Component 39 renders 1`] = `"css-1nw2x84"`;

exports[`Component 40 renders 1`] = `"css-9x4jlj"`;

exports[`Component 41 renders 1`] = `"css-kilw6e"`;

exports[`Component 42 renders 1`] = `"css-13brihr"`;

exports[`Component 43 renders 1`] = `"css-1ncsbtn"`;

exports[`Component 44 renders 1`] = `"css-ibk9g"`;

exports[`Component 45 renders 1`] = `"css-ufkhx2"`;

exports[`Component 46 renders 1`] = `"css-cgts8g"`;

exports[`Component 47 renders 1`] = `"css-1x2q6ya"`;
