// Jest Snapshot v1, https://goo.gl/fbAQLP

exports[`Component renders 1`] = `
<div>
  <div
    style="color: rebeccapurple;"
  >
    <h1>
      Heading
    </h1>
  </div>
</div>
`;
